#-----------------------------------------------------------
# Vivado v2018.2 (64-bit)
# SW Build 2258646 on Thu Jun 14 20:03:12 MDT 2018
# IP Build 2256618 on Thu Jun 14 22:10:49 MDT 2018
# Start of session at: Sat Feb  8 20:53:59 2020
# Process ID: 12240
# Current directory: E:/Exercise/FPGA/v3edu/10_rx_filter_crc/vivado/Gige_HDMI
# Command line: vivado.exe -gui_launcher_event rodinguilauncherevent13852 E:\Exercise\FPGA\v3edu\10_rx_filter_crc\vivado\Gige_HDMI\Gige_HDMI.xpr
# Log file: E:/Exercise/FPGA/v3edu/10_rx_filter_crc/vivado/Gige_HDMI/vivado.log
# Journal file: E:/Exercise/FPGA/v3edu/10_rx_filter_crc/vivado/Gige_HDMI\vivado.jou
#-----------------------------------------------------------
start_gui
open_project E:/Exercise/FPGA/v3edu/10_rx_filter_crc/vivado/Gige_HDMI/Gige_HDMI.xpr
update_compile_order -fileset sources_1
open_hw
connect_hw_server
open_hw_target
set_property PROGRAM.FILE {E:/Exercise/FPGA/v3edu/10_rx_filter_crc/vivado/Gige_HDMI/Gige_HDMI.runs/impl_1/top_gige_hdmi.bit} [get_hw_devices xc7a75t_0]
set_property PROBES.FILE {E:/Exercise/FPGA/v3edu/10_rx_filter_crc/vivado/Gige_HDMI/Gige_HDMI.runs/impl_1/top_gige_hdmi.ltx} [get_hw_devices xc7a75t_0]
set_property FULL_PROBES.FILE {E:/Exercise/FPGA/v3edu/10_rx_filter_crc/vivado/Gige_HDMI/Gige_HDMI.runs/impl_1/top_gige_hdmi.ltx} [get_hw_devices xc7a75t_0]
current_hw_device [get_hw_devices xc7a75t_0]
refresh_hw_device [lindex [get_hw_devices xc7a75t_0] 0]
set_property PROBES.FILE {E:/Exercise/FPGA/v3edu/10_rx_filter_crc/vivado/Gige_HDMI/Gige_HDMI.runs/impl_1/top_gige_hdmi.ltx} [get_hw_devices xc7a75t_0]
set_property FULL_PROBES.FILE {E:/Exercise/FPGA/v3edu/10_rx_filter_crc/vivado/Gige_HDMI/Gige_HDMI.runs/impl_1/top_gige_hdmi.ltx} [get_hw_devices xc7a75t_0]
set_property PROGRAM.FILE {E:/Exercise/FPGA/v3edu/10_rx_filter_crc/vivado/Gige_HDMI/Gige_HDMI.runs/impl_1/top_gige_hdmi.bit} [get_hw_devices xc7a75t_0]
program_hw_devices [get_hw_devices xc7a75t_0]
refresh_hw_device [lindex [get_hw_devices xc7a75t_0] 0]
display_hw_ila_data [ get_hw_ila_data hw_ila_data_1 -of_objects [get_hw_ilas -of_objects [get_hw_devices xc7a75t_0] -filter {CELL_NAME=~"inst_ila_top"}]]
run_hw_ila [get_hw_ilas -of_objects [get_hw_devices xc7a75t_0] -filter {CELL_NAME=~"inst_ila_top"}]
wait_on_hw_ila [get_hw_ilas -of_objects [get_hw_devices xc7a75t_0] -filter {CELL_NAME=~"inst_ila_top"}]
display_hw_ila_data [upload_hw_ila_data [get_hw_ilas -of_objects [get_hw_devices xc7a75t_0] -filter {CELL_NAME=~"inst_ila_top"}]]
run_hw_ila [get_hw_ilas -of_objects [get_hw_devices xc7a75t_0] -filter {CELL_NAME=~"inst_ila_top"}]
wait_on_hw_ila [get_hw_ilas -of_objects [get_hw_devices xc7a75t_0] -filter {CELL_NAME=~"inst_ila_top"}]
display_hw_ila_data [upload_hw_ila_data [get_hw_ilas -of_objects [get_hw_devices xc7a75t_0] -filter {CELL_NAME=~"inst_ila_top"}]]
run_hw_ila [get_hw_ilas -of_objects [get_hw_devices xc7a75t_0] -filter {CELL_NAME=~"inst_ila_top"}]
wait_on_hw_ila [get_hw_ilas -of_objects [get_hw_devices xc7a75t_0] -filter {CELL_NAME=~"inst_ila_top"}]
display_hw_ila_data [upload_hw_ila_data [get_hw_ilas -of_objects [get_hw_devices xc7a75t_0] -filter {CELL_NAME=~"inst_ila_top"}]]
save_wave_config {E:/Exercise/FPGA/v3edu/10_rx_filter_crc/vivado/Gige_HDMI/Gige_HDMI.hw/hw_1/wave/hw_ila_data_1/hw_ila_data_1.wcfg}
close_hw
add_files -norecurse E:/Exercise/FPGA/v3edu/10_rx_filter_crc/vivado/Gige_HDMI/Gige_HDMI.srcs/sources_1/new/crc32_d8_rec_02.v
update_compile_order -fileset sources_1
update_compile_order -fileset sources_1
reset_run synth_1
launch_runs impl_1 -to_step write_bitstream -jobs 12
wait_on_run impl_1
open_hw
connect_hw_server
open_hw_target
set_property PROGRAM.FILE {E:/Exercise/FPGA/v3edu/10_rx_filter_crc/vivado/Gige_HDMI/Gige_HDMI.runs/impl_1/top_gige_hdmi.bit} [get_hw_devices xc7a75t_0]
set_property PROBES.FILE {E:/Exercise/FPGA/v3edu/10_rx_filter_crc/vivado/Gige_HDMI/Gige_HDMI.runs/impl_1/top_gige_hdmi.ltx} [get_hw_devices xc7a75t_0]
set_property FULL_PROBES.FILE {E:/Exercise/FPGA/v3edu/10_rx_filter_crc/vivado/Gige_HDMI/Gige_HDMI.runs/impl_1/top_gige_hdmi.ltx} [get_hw_devices xc7a75t_0]
current_hw_device [get_hw_devices xc7a75t_0]
refresh_hw_device [lindex [get_hw_devices xc7a75t_0] 0]
set_property PROBES.FILE {E:/Exercise/FPGA/v3edu/10_rx_filter_crc/vivado/Gige_HDMI/Gige_HDMI.runs/impl_1/top_gige_hdmi.ltx} [get_hw_devices xc7a75t_0]
set_property FULL_PROBES.FILE {E:/Exercise/FPGA/v3edu/10_rx_filter_crc/vivado/Gige_HDMI/Gige_HDMI.runs/impl_1/top_gige_hdmi.ltx} [get_hw_devices xc7a75t_0]
set_property PROGRAM.FILE {E:/Exercise/FPGA/v3edu/10_rx_filter_crc/vivado/Gige_HDMI/Gige_HDMI.runs/impl_1/top_gige_hdmi.bit} [get_hw_devices xc7a75t_0]
program_hw_devices [get_hw_devices xc7a75t_0]
refresh_hw_device [lindex [get_hw_devices xc7a75t_0] 0]
refresh_hw_device [lindex [get_hw_devices xc7a75t_0] 0]
display_hw_ila_data [ get_hw_ila_data hw_ila_data_1 -of_objects [get_hw_ilas -of_objects [get_hw_devices xc7a75t_0] -filter {CELL_NAME=~"inst_ila_top"}]]
run_hw_ila [get_hw_ilas -of_objects [get_hw_devices xc7a75t_0] -filter {CELL_NAME=~"inst_ila_top"}]
wait_on_hw_ila [get_hw_ilas -of_objects [get_hw_devices xc7a75t_0] -filter {CELL_NAME=~"inst_ila_top"}]
display_hw_ila_data [upload_hw_ila_data [get_hw_ilas -of_objects [get_hw_devices xc7a75t_0] -filter {CELL_NAME=~"inst_ila_top"}]]
run_hw_ila [get_hw_ilas -of_objects [get_hw_devices xc7a75t_0] -filter {CELL_NAME=~"inst_ila_top"}]
wait_on_hw_ila [get_hw_ilas -of_objects [get_hw_devices xc7a75t_0] -filter {CELL_NAME=~"inst_ila_top"}]
display_hw_ila_data [upload_hw_ila_data [get_hw_ilas -of_objects [get_hw_devices xc7a75t_0] -filter {CELL_NAME=~"inst_ila_top"}]]
run_hw_ila [get_hw_ilas -of_objects [get_hw_devices xc7a75t_0] -filter {CELL_NAME=~"inst_ila_top"}]
wait_on_hw_ila [get_hw_ilas -of_objects [get_hw_devices xc7a75t_0] -filter {CELL_NAME=~"inst_ila_top"}]
display_hw_ila_data [upload_hw_ila_data [get_hw_ilas -of_objects [get_hw_devices xc7a75t_0] -filter {CELL_NAME=~"inst_ila_top"}]]
close_hw
open_hw
connect_hw_server
open_hw_target
set_property PROBES.FILE {E:/Exercise/FPGA/v3edu/10_rx_filter_crc/vivado/Gige_HDMI/Gige_HDMI.runs/impl_1/top_gige_hdmi.ltx} [get_hw_devices xc7a75t_0]
set_property FULL_PROBES.FILE {E:/Exercise/FPGA/v3edu/10_rx_filter_crc/vivado/Gige_HDMI/Gige_HDMI.runs/impl_1/top_gige_hdmi.ltx} [get_hw_devices xc7a75t_0]
set_property PROGRAM.FILE {E:/Exercise/FPGA/v3edu/10_rx_filter_crc/vivado/Gige_HDMI/Gige_HDMI.runs/impl_1/top_gige_hdmi.bit} [get_hw_devices xc7a75t_0]
program_hw_devices [get_hw_devices xc7a75t_0]
refresh_hw_device [lindex [get_hw_devices xc7a75t_0] 0]
display_hw_ila_data [ get_hw_ila_data hw_ila_data_1 -of_objects [get_hw_ilas -of_objects [get_hw_devices xc7a75t_0] -filter {CELL_NAME=~"inst_ila_top"}]]
add_wave -into {hw_ila_data_1.wcfg} -radix hex { {crc32_cal_end} {crc32_error} {rx_data} {rx_en} }
add_wave -into {hw_ila_data_1.wcfg} -radix hex { {crc32_cal_end} {crc32_error} {rx_data} {rx_en} }
run_hw_ila [get_hw_ilas -of_objects [get_hw_devices xc7a75t_0] -filter {CELL_NAME=~"inst_ila_top"}]
wait_on_hw_ila [get_hw_ilas -of_objects [get_hw_devices xc7a75t_0] -filter {CELL_NAME=~"inst_ila_top"}]
display_hw_ila_data [upload_hw_ila_data [get_hw_ilas -of_objects [get_hw_devices xc7a75t_0] -filter {CELL_NAME=~"inst_ila_top"}]]
save_wave_config {E:/Exercise/FPGA/v3edu/10_rx_filter_crc/vivado/Gige_HDMI/Gige_HDMI.hw/hw_1/wave/hw_ila_data_1/hw_ila_data_1.wcfg}
